LTspice 24.1.10 for Windows
Circuit: C:\Users\rober\Documents\Roberto\Universidad\5_semestre\Dispositivos electronicos\EjemploEstrella.net
Start Time: Mon Nov 17 19:56:54 2025
solver = Normal
Maximum thread count: 8
tnom = 27
temp = 27
method = trap
Direct Newton iteration failed to find .op point.  (Use ".option noopiter" to skip.)
Starting Gmin stepping
Increasing initial diagonal Gmin to 100
Gmin = 100
Gmin = 10.7374
vernier = 0.5
vernier = 0.25
vernier = 0.125
vernier = 0.0625
vernier = 0.03125
Gmin = 12.6323
vernier = 0.015625
vernier = 0.0078125
vernier = 0.00390625
vernier = 0.00195312
Gmin = 12.577
vernier = 0.000976562
vernier = 0.000488281
Gmin = 0
Gmin stepping failed

Starting source stepping with srcstepmethod=0
Could not converge to DC with sources off!
Starting source stepping with srcstepmethod=1
Source Step = 3.0303%
Source Step = 33.3333%
Source Step = 63.6364%
Source Step = 93.9394%
Source stepping succeeded in finding the operating point.

Total elapsed time: 0.538 seconds.

Files loaded:
C:\Users\rober\Documents\Roberto\Universidad\5_semestre\Dispositivos electronicos\EjemploEstrella.net
C:\Users\rober\AppData\Local\LTspice\lib\cmp\standard.dio
C:\Users\rober\AppData\Local\LTspice\lib\sub\LT317A.sub

